Welcome to InCollege!                                                                                                                                                                                                                                                                                       
1. Log In                                                                                                                                                                                                                                                                                                   
2. Create New Account                                                                                                                                                                                                                                                                                       
3. Exit                                                                                                                                                                                                                                                                                                     
Enter your choice:                                                                                                                                                                                                                                                                                          
1                                                                                                                                                                                                                                                                                                           
Please enter your username:                                                                                                                                                                                                                                                                                 
Roy                                                                                                                                                                                                                                                                                                         
Please enter your password:                                                                                                                                                                                                                                                                                 
Roy@1234                                                                                                                                                                                                                                                                                                    
You have successfully logged in.                                                                                                                                                                                                                                                                            
1. Create/Edit My Profile                                                                                                                                                                                                                                                                                   
2. View My Profile                                                                                                                                                                                                                                                                                          
3. Search for a job                                                                                                                                                                                                                                                                                         
4. Find someone you know                                                                                                                                                                                                                                                                                    
5. Learn a new skill                                                                                                                                                                                                                                                                                        
6. View My Pending Connection Requests                                                                                                                                                                                                                                                                      
7. Logout                                                                                                                                                                                                                                                                                                   
Enter your choice:                                                                                                                                                                                                                                                                                          
6                                                                                                                                                                                                                                                                                                           
--- Pending Connection Requests ---                                                                                                                                                                                                                                                                         
Request from: Jasmine                                                                                                                                                                                                                                                                                       
1. Accept                                                                                                                                                                                                                                                                                                   
2. Reject                                                                                                                                                                                                                                                                                                   
Enter your choice for Jasmine:                                                                                                                                                                                                                                                                              
1                                                                                                                                                                                                                                                                                                           
Connection request from Jasmine accepted!                                                                                                                                                                                                                                                                   
-----------------------------------                                                                                                                                                                                                                                                                         
1. Create/Edit My Profile                                                                                                                                                                                                                                                                                   
2. View My Profile                                                                                                                                                                                                                                                                                          
3. Search for a job                                                                                                                                                                                                                                                                                         
4. Find someone you know                                                                                                                                                                                                                                                                                    
5. Learn a new skill                                                                                                                                                                                                                                                                                        
6. View My Pending Connection Requests                                                                                                                                                                                                                                                                      
7. Logout                                                                                                                                                                                                                                                                                                   
Enter your choice:                                                                                                                                                                                                                                                                                          
7                                                                                                                                                                                                                                                                                                           
Welcome to InCollege!                                                                                                                                                                                                                                                                                       
1. Log In                                                                                                                                                                                                                                                                                                   
2. Create New Account                                                                                                                                                                                                                                                                                       
3. Exit                                                                                                                                                                                                                                                                                                     
Enter your choice:                                                                                                                                                                                                                                                                                          
3                                                                                                                                                                                                                                                                                                           
--- END_OF_PROGRAM_EXECUTION ---                                                                                                                                                                                                                                                                            
